// Jest Snapshot v1, https://goo.gl/fbAQLP

exports[`<Navigation /> it should render app correctly 1`] = `
<div>
  Navigation
</div>
`;
